Scope: all 44 workspace projects
Lockfile is up to date, resolution step is skipped
Progress: resolved 1, reused 0, downloaded 0, added 0
Packages: +1963
++++++++++++++++++++++++++++++++++++++++++++++++++++++++++++++++++++++++++++++++
Progress: resolved 1963, reused 879, downloaded 0, added 0
Progress: resolved 1963, reused 1959, downloaded 0, added 8
Progress: resolved 1963, reused 1959, downloaded 0, added 416
Progress: resolved 1963, reused 1960, downloaded 0, added 618
Progress: resolved 1963, reused 1960, downloaded 0, added 722
Progress: resolved 1963, reused 1960, downloaded 0, added 875
Progress: resolved 1963, reused 1960, downloaded 0, added 952
Progress: resolved 1963, reused 1960, downloaded 0, added 1156
Progress: resolved 1963, reused 1960, downloaded 0, added 1354
Progress: resolved 1963, reused 1960, downloaded 0, added 1625
Progress: resolved 1963, reused 1960, downloaded 0, added 1897
Progress: resolved 1963, reused 1960, downloaded 0, added 1960
Progress: resolved 1963, reused 1960, downloaded 0, added 1961
Progress: resolved 1963, reused 1960, downloaded 0, added 1962
Progress: resolved 1963, reused 1960, downloaded 0, added 1963
Progress: resolved 1963, reused 1960, downloaded 0, added 1963, done
.../core-js@3.49.0/node_modules/core-js postinstall$ node -e "try{require('./postinstall')}catch(e){}"
.../node_modules/core-js-pure postinstall$ node -e "try{require('./postinstall')}catch(e){}"
.../node_modules/@parcel/watcher install$ node scripts/build-from-source.js
.../node_modules/@carbon/icons postinstall$ ibmtelemetry --config=telemetry.yml
.../lefthook@2.1.8/node_modules/lefthook postinstall$ node postinstall.js
.../core-js@3.49.0/node_modules/core-js postinstall: Done
.../node_modules/core-js-pure postinstall: Done
.../node_modules/@parcel/watcher install: Done
.../lefthook@2.1.8/node_modules/lefthook postinstall: Done
.../node_modules/vue-demi postinstall$ node -e "try{require('./scripts/postinstall.js')}catch(e){}"
.../node_modules/vue-demi postinstall: Done
.../node_modules/@carbon/icons postinstall: --------------------------------------------------------------------------------
.../node_modules/@carbon/icons postinstall: NOTICE:
.../node_modules/@carbon/icons postinstall: A package you installed is using IBM Telemetry to collect anonymous usage data.
.../node_modules/@carbon/icons postinstall: This information is used to influence the project's roadmap and prioritize bug
.../node_modules/@carbon/icons postinstall: fixes.
.../node_modules/@carbon/icons postinstall: You can opt-out of this process by setting IBM_TELEMETRY_DISABLED='true' in your
.../node_modules/@carbon/icons postinstall: environment.
.../node_modules/@carbon/icons postinstall: To learn more, please visit: https://github.com/ibm-telemetry/telemetry-js'
.../node_modules/@carbon/icons postinstall: --------------------------------------------------------------------------------
.../node_modules/@carbon/icons postinstall: Log file: /var/folders/0x/zqpzf79x2ylg8vrwx9p3cm480000gn/T/ibmtelemetry-20260609T021702297Z-210545.log
.../node_modules/@carbon/icons postinstall: Done

devDependencies:
+ @changesets/changelog-github 0.7.0
+ @changesets/cli 2.31.0
+ @tsdown/css 0.22.0
+ @types/node 25.9.1
+ @vben/commitlint-config 5.7.0 <- internal/lint-configs/commitlint-config
+ @vben/eslint-config 5.7.0 <- internal/lint-configs/eslint-config
+ @vben/oxfmt-config 5.7.0 <- internal/lint-configs/oxfmt-config
+ @vben/oxlint-config 5.7.0 <- internal/lint-configs/oxlint-config
+ @vben/stylelint-config 5.7.0 <- internal/lint-configs/stylelint-config
+ @vben/tailwind-config 5.7.0 <- internal/tailwind-config
+ @vben/tsconfig 5.7.0 <- internal/tsconfig
+ @vben/turbo-run 5.7.0 <- scripts/turbo-run
+ @vben/vite-config 5.7.0 <- internal/vite-config
+ @vben/vsh 5.7.0 <- scripts/vsh
+ @vitejs/plugin-vue 6.0.7
+ @vitejs/plugin-vue-jsx 5.1.5
+ cross-env 10.1.0
+ cspell 10.0.0
+ eslint 10.4.0
+ happy-dom 20.9.0
+ is-ci 4.1.0
+ lefthook 2.1.8
+ oxfmt 0.51.0
+ oxlint 1.66.0
+ oxlint-tsgolint 0.23.0
+ playwright 1.60.0
+ rimraf 6.1.3
+ tailwindcss 4.3.0
+ tsdown 0.22.0
+ turbo 2.9.14
+ typescript 6.0.3
+ vite 8.0.10
+ vitest 4.1.7
+ vue 3.5.34
+ vue-tsc 3.3.1

. postinstall$ pnpm -r run --if-present stub
. postinstall: Scope: 43 of 44 workspace projects
. postinstall: internal/lint-configs/oxfmt-config stub$ pnpm exec tsdown
. postinstall: internal/lint-configs/oxlint-config stub$ pnpm exec tsdown
. postinstall: internal/node-utils stub$ node ./scripts/build.mjs
. postinstall: packages/@core/base/shared stub$ pnpm run build
. postinstall: packages/@core/base/shared stub: $ pnpm exec tsdown
. postinstall: internal/node-utils stub: [34mℹ[39m [34mtsdown v0.22.0[39m powered by [91mrolldown v1.0.2[39m
. postinstall: packages/@core/base/shared stub: [34mℹ[39m [34mtsdown v0.22.0[39m powered by [91mrolldown v1.0.2[39m
. postinstall: internal/lint-configs/oxlint-config stub: [34mℹ[39m [34mtsdown v0.22.0[39m powered by [91mrolldown v1.0.2[39m
. postinstall: internal/lint-configs/oxfmt-config stub: [34mℹ[39m [34mtsdown v0.22.0[39m powered by [91mrolldown v1.0.2[39m
. postinstall: internal/node-utils stub: [34mℹ[39m config file: [4m/Users/peng/poker/poker-go-system/internal/node-utils/tsdown.config.ts[24m 
. postinstall: internal/lint-configs/oxlint-config stub: [34mℹ[39m config file: [4m/Users/peng/poker/poker-go-system/internal/lint-configs/oxlint-config/tsdown.config.ts[24m 
. postinstall: internal/node-utils stub: [34mℹ[39m entry: [34msrc/index.ts[39m
. postinstall: internal/node-utils stub: [34mℹ[39m tsconfig: [34mtsconfig.json[39m
. postinstall: internal/node-utils stub: [34mℹ[39m Build start
. postinstall: internal/lint-configs/oxfmt-config stub: [34mℹ[39m config file: [4m/Users/peng/poker/poker-go-system/internal/lint-configs/oxfmt-config/tsdown.config.ts[24m 
. postinstall: packages/@core/base/shared stub: [34mℹ[39m config file: [4m/Users/peng/poker/poker-go-system/packages/@core/base/shared/tsdown.config.ts[24m 
. postinstall: internal/lint-configs/oxfmt-config stub: [34mℹ[39m entry: [34msrc/index.ts[39m
. postinstall: internal/lint-configs/oxfmt-config stub: [34mℹ[39m tsconfig: [34mtsconfig.json[39m
. postinstall: packages/@core/base/shared stub: [34mℹ[39m entry: [34msrc/cache/index.ts, src/color/index.ts, src/constants/index.ts, src/global-state.ts, src/store.ts, src/utils/index.ts[39m
. postinstall: packages/@core/base/shared stub: [34mℹ[39m tsconfig: [34mtsconfig.json[39m
. postinstall: internal/lint-configs/oxlint-config stub: [34mℹ[39m entry: [34msrc/index.ts[39m
. postinstall: internal/lint-configs/oxlint-config stub: [34mℹ[39m tsconfig: [34mtsconfig.json[39m
. postinstall: internal/lint-configs/oxfmt-config stub: [34mℹ[39m Build start
. postinstall: packages/@core/base/shared stub: [34mℹ[39m Build start
. postinstall: internal/lint-configs/oxlint-config stub: [34mℹ[39m Build start
. postinstall: internal/node-utils stub: [34mℹ[39m [2mdist/[22m[1mindex.mjs[22m  [2m6.64 kB[22m [2m│ gzip: 2.46 kB[22m
. postinstall: internal/node-utils stub: [34mℹ[39m 1 files, total: 6.64 kB
. postinstall: internal/node-utils stub: [32m✔[39m Build complete in [32m26ms[39m
. postinstall: internal/lint-configs/oxfmt-config stub: [34mℹ[39m [2mdist/[22m[1mindex.mjs[22m   [2m0.60 kB[22m [2m│ gzip: 0.32 kB[22m
. postinstall: internal/lint-configs/oxfmt-config stub: [34mℹ[39m [2mdist/[22m[32m[1mindex.d.ts[22m[39m  [2m0.31 kB[22m [2m│ gzip: 0.18 kB[22m
. postinstall: internal/lint-configs/oxfmt-config stub: [34mℹ[39m 2 files, total: 0.91 kB
. postinstall: internal/lint-configs/oxfmt-config stub: [32m✔[39m Build complete in [32m905ms[39m
. postinstall: internal/lint-configs/oxfmt-config stub: Done
. postinstall: internal/lint-configs/oxlint-config stub: [34mℹ[39m [2mdist/[22m[1mindex.mjs[22m   [2m11.39 kB[22m [2m│ gzip: 3.14 kB[22m
. postinstall: internal/lint-configs/oxlint-config stub: [34mℹ[39m [2mdist/[22m[32m[1mindex.d.ts[22m[39m  [2m 1.82 kB[22m [2m│ gzip: 0.41 kB[22m
. postinstall: internal/lint-configs/oxlint-config stub: [34mℹ[39m 2 files, total: 13.21 kB
. postinstall: internal/lint-configs/oxlint-config stub: [32m✔[39m Build complete in [32m1138ms[39m
. postinstall: internal/lint-configs/oxlint-config stub: Done
. postinstall: packages/@core/base/shared stub: [34mℹ[39m [2mdist/[22m[1mutils/index.mjs[22m       [2m54.24 kB[22m [2m│ gzip: 16.40 kB[22m
. postinstall: packages/@core/base/shared stub: [34mℹ[39m [2mdist/[22m[1mcache/index.mjs[22m       [2m 8.07 kB[22m [2m│ gzip:  2.36 kB[22m
. postinstall: packages/@core/base/shared stub: [34mℹ[39m [2mdist/[22m[1mcolor/index.mjs[22m       [2m 2.90 kB[22m [2m│ gzip:  1.20 kB[22m
. postinstall: packages/@core/base/shared stub: [34mℹ[39m [2mdist/[22m[1mconstants/index.mjs[22m   [2m 1.72 kB[22m [2m│ gzip:  0.65 kB[22m
. postinstall: packages/@core/base/shared stub: [34mℹ[39m [2mdist/[22m[1mglobal-state.mjs[22m      [2m 0.49 kB[22m [2m│ gzip:  0.30 kB[22m
. postinstall: packages/@core/base/shared stub: [34mℹ[39m [2mdist/[22m[1mstore.mjs[22m             [2m 0.05 kB[22m [2m│ gzip:  0.06 kB[22m
. postinstall: packages/@core/base/shared stub: [34mℹ[39m [2mdist/[22m[32m[1mutils/index.d.ts[22m[39m      [2m13.29 kB[22m [2m│ gzip:  3.43 kB[22m
. postinstall: packages/@core/base/shared stub: [34mℹ[39m [2mdist/[22m[32m[1mcache/index.d.ts[22m[39m      [2m 2.63 kB[22m [2m│ gzip:  0.61 kB[22m
. postinstall: packages/@core/base/shared stub: [34mℹ[39m [2mdist/[22m[32m[1mconstants/index.d.ts[22m[39m  [2m 1.50 kB[22m [2m│ gzip:  0.48 kB[22m
. postinstall: packages/@core/base/shared stub: [34mℹ[39m [2mdist/[22m[32m[1mcolor/index.d.ts[22m[39m      [2m 0.82 kB[22m [2m│ gzip:  0.30 kB[22m
. postinstall: packages/@core/base/shared stub: [34mℹ[39m [2mdist/[22m[32m[1mglobal-state.d.ts[22m[39m     [2m 0.61 kB[22m [2m│ gzip:  0.28 kB[22m
. postinstall: packages/@core/base/shared stub: [34mℹ[39m [2mdist/[22m[32m[1mstore.d.ts[22m[39m            [2m 0.04 kB[22m [2m│ gzip:  0.06 kB[22m
. postinstall: packages/@core/base/shared stub: [34mℹ[39m 12 files, total: 86.36 kB
. postinstall: packages/@core/base/shared stub: [32m✔[39m Build complete in [32m1441ms[39m
. postinstall: packages/@core/base/shared stub: Done
. postinstall: internal/node-utils stub: (node:7131) [DEP0190] DeprecationWarning: Passing args to a child process with shell option true can lead to security vulnerabilities, as the arguments are not escaped, only concatenated.
. postinstall: internal/node-utils stub: (Use `node --trace-deprecation ...` to show where the warning was created)
. postinstall: internal/node-utils stub: Done
. postinstall: internal/lint-configs/eslint-config stub$ pnpm exec tsdown
. postinstall: scripts/turbo-run stub$ pnpm exec tsdown
. postinstall: internal/vite-config stub$ pnpm exec tsdown
. postinstall: scripts/vsh stub$ pnpm exec tsdown
. postinstall: internal/lint-configs/eslint-config stub: [34mℹ[39m [34mtsdown v0.22.0[39m powered by [91mrolldown v1.0.2[39m
. postinstall: internal/vite-config stub: [34mℹ[39m [34mtsdown v0.22.0[39m powered by [91mrolldown v1.0.2[39m
. postinstall: scripts/vsh stub: [34mℹ[39m [34mtsdown v0.22.0[39m powered by [91mrolldown v1.0.2[39m
. postinstall: scripts/turbo-run stub: [34mℹ[39m [34mtsdown v0.22.0[39m powered by [91mrolldown v1.0.2[39m
. postinstall: internal/vite-config stub: [34mℹ[39m config file: [4m/Users/peng/poker/poker-go-system/internal/vite-config/tsdown.config.ts[24m 
. postinstall: internal/vite-config stub: [34mℹ[39m entry: [34msrc/index.ts[39m
. postinstall: internal/vite-config stub: [34mℹ[39m tsconfig: [34mtsconfig.json[39m
. postinstall: internal/vite-config stub: [34mℹ[39m Build start
. postinstall: scripts/vsh stub: [34mℹ[39m config file: [4m/Users/peng/poker/poker-go-system/scripts/vsh/tsdown.config.ts[24m 
. postinstall: internal/lint-configs/eslint-config stub: [34mℹ[39m config file: [4m/Users/peng/poker/poker-go-system/internal/lint-configs/eslint-config/tsdown.config.ts[24m 
. postinstall: scripts/vsh stub: [34mℹ[39m entry: [34msrc/index.ts[39m
. postinstall: scripts/vsh stub: [34mℹ[39m tsconfig: [34mtsconfig.json[39m
. postinstall: scripts/vsh stub: [34mℹ[39m Build start
. postinstall: internal/lint-configs/eslint-config stub: [34mℹ[39m entry: [34msrc/index.ts[39m
. postinstall: internal/lint-configs/eslint-config stub: [34mℹ[39m tsconfig: [34mtsconfig.json[39m
. postinstall: internal/lint-configs/eslint-config stub: [34mℹ[39m Build start
. postinstall: scripts/turbo-run stub: [34mℹ[39m config file: [4m/Users/peng/poker/poker-go-system/scripts/turbo-run/tsdown.config.ts[24m 
. postinstall: scripts/turbo-run stub: [34mℹ[39m entry: [34msrc/index.ts[39m
. postinstall: scripts/turbo-run stub: [34mℹ[39m tsconfig: [34mtsconfig.json[39m
. postinstall: scripts/turbo-run stub: [34mℹ[39m Build start
. postinstall: scripts/turbo-run stub: [34mℹ[39m [2mdist/[22m[1mindex.mjs[22m   [2m1.45 kB[22m [2m│ gzip: 0.70 kB[22m
. postinstall: scripts/turbo-run stub: [34mℹ[39m [2mdist/[22m[32m[1mindex.d.ts[22m[39m  [2m0.01 kB[22m [2m│ gzip: 0.03 kB[22m
. postinstall: scripts/turbo-run stub: [34mℹ[39m 2 files, total: 1.46 kB
. postinstall: scripts/turbo-run stub: [32m✔[39m Build complete in [32m1190ms[39m
. postinstall: scripts/vsh stub: [34mℹ[39m [2mdist/[22m[1mindex.mjs[22m   [2m13.97 kB[22m [2m│ gzip: 4.75 kB[22m
. postinstall: scripts/vsh stub: [34mℹ[39m [2mdist/[22m[32m[1mindex.d.ts[22m[39m  [2m 0.01 kB[22m [2m│ gzip: 0.03 kB[22m
. postinstall: scripts/vsh stub: [34mℹ[39m 2 files, total: 13.98 kB
. postinstall: scripts/vsh stub: [32m✔[39m Build complete in [32m1214ms[39m
. postinstall: scripts/turbo-run stub: Done
. postinstall: scripts/vsh stub: Done
. postinstall: internal/lint-configs/eslint-config stub: [34mℹ[39m [2mdist/[22m[1mindex.mjs[22m   [2m25.80 kB[22m [2m│ gzip: 6.62 kB[22m
. postinstall: internal/lint-configs/eslint-config stub: [34mℹ[39m [2mdist/[22m[32m[1mindex.d.ts[22m[39m  [2m 0.21 kB[22m [2m│ gzip: 0.16 kB[22m
. postinstall: internal/lint-configs/eslint-config stub: [34mℹ[39m 2 files, total: 26.01 kB
. postinstall: internal/lint-configs/eslint-config stub: [32m✔[39m Build complete in [32m1338ms[39m
. postinstall: internal/lint-configs/eslint-config stub: Done
. postinstall: internal/vite-config stub: [34mℹ[39m [2mdist/[22m[1mindex.mjs[22m   [2m30.14 kB[22m [2m│ gzip: 9.61 kB[22m
. postinstall: internal/vite-config stub: [34mℹ[39m [2mdist/[22m[32m[1mindex.d.ts[22m[39m  [2m 4.92 kB[22m [2m│ gzip: 1.32 kB[22m
. postinstall: internal/vite-config stub: [34mℹ[39m 2 files, total: 35.05 kB
. postinstall: internal/vite-config stub: [32m✔[39m Build complete in [32m2170ms[39m
. postinstall: internal/vite-config stub: Done
. postinstall: Done
. prepare$ is-ci || pnpm exec lefthook install
. prepare: Done
Done in 35.1s using pnpm v11.2.2
