$ pnpm -F @vben/web-antd run dev
$ pnpm vite --mode development
8:58:23 PM [vite] (client) Re-optimizing dependencies because lockfile has changed

  VITE v8.0.10  ready in 1674 ms

  ➜  Local:   http://localhost:5666/
  ➜  Network: http://192.168.31.102:5666/
  ➜  Network: http://192.168.64.1:5666/
  ➜  Docs: https://doc.iocoder.cn/quick-start/
(!) Failed to run dependency scan. Skipping dependency pre-bundling. Error: The following dependencies are imported but could not be resolved:

  @ant-design/icons-vue (imported by /Users/peng/poker/poker-go-admin/apps/web-antd/src/views/poker/store-wizard/index.vue?id=0)

Are they installed?
    at file:///Users/peng/poker/poker-go-admin/node_modules/.pnpm/vite@8.0.10_@types+node@25.9.1_esbuild@0.28.0_jiti@2.7.0_sass-embedded@1.100.0_sass@1.100.0_terser@5.48.0_yaml@2.9.0/node_modules/vite/dist/node/chunks/node.js:31398:33
    at async file:///Users/peng/poker/poker-go-admin/node_modules/.pnpm/vite@8.0.10_@types+node@25.9.1_esbuild@0.28.0_jiti@2.7.0_sass-embedded@1.100.0_sass@1.100.0_terser@5.48.0_yaml@2.9.0/node_modules/vite/dist/node/chunks/node.js:23222:15
8:58:26 PM [vite] http proxy error: /system/dict-data/simple-list
AggregateError [ECONNREFUSED]: 
    at internalConnectMultiple (node:net:1134:18)
    at afterConnectMultiple (node:net:1715:7)
8:58:26 PM [vite] http proxy error: /system/auth/get-permission-info
AggregateError [ECONNREFUSED]: 
    at internalConnectMultiple (node:net:1134:18)
    at afterConnectMultiple (node:net:1715:7)
8:58:27 PM [vite] (client) ✨ new dependencies optimized: @vueuse/motion
8:58:27 PM [vite] (client) ✨ optimized dependencies changed. reloading
8:58:28 PM [vite] http proxy error: /system/dict-data/simple-list
AggregateError [ECONNREFUSED]: 
    at internalConnectMultiple (node:net:1134:18)
    at afterConnectMultiple (node:net:1715:7)
8:58:28 PM [vite] http proxy error: /system/auth/get-permission-info
AggregateError [ECONNREFUSED]: 
    at internalConnectMultiple (node:net:1134:18)
    at afterConnectMultiple (node:net:1715:7)
